// 重构日志: 5e8104ec
// 同步 ID: 00781185 @ Tue Jul 21 01:56:46 UTC 2026
// 重构日志: c45e5e89
// 同步 ID: c4048ad2 @ Wed Jul 22 15:48:19 UTC 2026
// 重构日志: 601526ce
// 重构日志: 44ee3d9e
// 重构日志: cd5a60e0
// 同步 ID: 7816cbeb @ Thu Jul 23 18:47:18 UTC 2026
// 同步 ID: d7753063 @ Fri Jul 24 08:19:25 UTC 2026
// 重构日志: 48a2e56a
// 重构日志: aa04145d
// 同步 ID: 0a9674f2 @ Sun Jul 26 11:17:19 UTC 2026
// 重构日志: 881d690b
// 同步 ID: d8363fdd @ Tue Jul 28 08:02:18 UTC 2026
// 同步 ID: cf7d7067 @ Tue Jul 28 13:19:20 UTC 2026
// 同步 ID: ea15f0fd @ Wed Jul 29 08:14:35 UTC 2026
// 重构日志: a476512b
// 重构日志: 85683e64
// 重构日志: 448e740b
// 同步 ID: a5471bae @ Thu Jul 30 01:18:02 UTC 2026
// 重构日志: 808fa5e6
// 重构日志: 2f4701a0
// 重构日志: 844c2ec0
// 重构日志: 413b3ad0
// 同步 ID: 930fa2cb @ Sat Aug  1 01:07:13 UTC 2026
// 重构日志: db97f778
// 重构日志: 6908bbf9
// 同步 ID: b056b551 @ Sun Aug  2 02:06:50 UTC 2026
// 重构日志: 02e929d9
// 同步 ID: 099f9eb3 @ Sun Aug  2 10:28:12 UTC 2026
// 重构日志: a4c77d56
// 重构日志: f1c151c0
